------------------------------------------------------------
Timing Analyzer Summary
------------------------------------------------------------

Type  : Slow 1200mV 85C Model Setup 'inst10|altpll_component|auto_generated|pll1|clk[0]'
Slack : -294.878
TNS   : -589.299

Type  : Slow 1200mV 85C Model Setup 'inst|altpll_component|auto_generated|pll1|clk[0]'
Slack : 99994.118
TNS   : 0.000

Type  : Slow 1200mV 85C Model Hold 'inst10|altpll_component|auto_generated|pll1|clk[0]'
Slack : 0.389
TNS   : 0.000

Type  : Slow 1200mV 85C Model Hold 'inst|altpll_component|auto_generated|pll1|clk[0]'
Slack : 0.557
TNS   : 0.000

Type  : Slow 1200mV 85C Model Minimum Pulse Width 'clk'
Slack : 9.835
TNS   : 0.000

Type  : Slow 1200mV 85C Model Minimum Pulse Width 'inst10|altpll_component|auto_generated|pll1|clk[0]'
Slack : 19.611
TNS   : 0.000

Type  : Slow 1200mV 85C Model Minimum Pulse Width 'inst|altpll_component|auto_generated|pll1|clk[0]'
Slack : 49999.751
TNS   : 0.000

Type  : Slow 1200mV 0C Model Setup 'inst10|altpll_component|auto_generated|pll1|clk[0]'
Slack : -292.019
TNS   : -583.622

Type  : Slow 1200mV 0C Model Setup 'inst|altpll_component|auto_generated|pll1|clk[0]'
Slack : 99994.643
TNS   : 0.000

Type  : Slow 1200mV 0C Model Hold 'inst10|altpll_component|auto_generated|pll1|clk[0]'
Slack : 0.347
TNS   : 0.000

Type  : Slow 1200mV 0C Model Hold 'inst|altpll_component|auto_generated|pll1|clk[0]'
Slack : 0.500
TNS   : 0.000

Type  : Slow 1200mV 0C Model Minimum Pulse Width 'clk'
Slack : 9.817
TNS   : 0.000

Type  : Slow 1200mV 0C Model Minimum Pulse Width 'inst10|altpll_component|auto_generated|pll1|clk[0]'
Slack : 19.608
TNS   : 0.000

Type  : Slow 1200mV 0C Model Minimum Pulse Width 'inst|altpll_component|auto_generated|pll1|clk[0]'
Slack : 49999.747
TNS   : 0.000

Type  : Fast 1200mV 0C Model Setup 'inst10|altpll_component|auto_generated|pll1|clk[0]'
Slack : -283.028
TNS   : -565.816

Type  : Fast 1200mV 0C Model Setup 'inst|altpll_component|auto_generated|pll1|clk[0]'
Slack : 99996.515
TNS   : 0.000

Type  : Fast 1200mV 0C Model Hold 'inst10|altpll_component|auto_generated|pll1|clk[0]'
Slack : 0.204
TNS   : 0.000

Type  : Fast 1200mV 0C Model Hold 'inst|altpll_component|auto_generated|pll1|clk[0]'
Slack : 0.296
TNS   : 0.000

Type  : Fast 1200mV 0C Model Minimum Pulse Width 'clk'
Slack : 9.587
TNS   : 0.000

Type  : Fast 1200mV 0C Model Minimum Pulse Width 'inst10|altpll_component|auto_generated|pll1|clk[0]'
Slack : 19.646
TNS   : 0.000

Type  : Fast 1200mV 0C Model Minimum Pulse Width 'inst|altpll_component|auto_generated|pll1|clk[0]'
Slack : 49999.784
TNS   : 0.000

------------------------------------------------------------
